// Jest Snapshot v1, https://goo.gl/fbAQLP

exports[`App Component renders without crashing 1`] = `
<div
  data-testid="main-routes"
>
  Mocked MainRoutes
</div>
`;
